../server/src/rooms/GameState.ts(4,6): error TS1240: Unable to resolve signature of property decorator when called as an expression.
  Argument of type 'undefined' is not assignable to parameter of type 'Object'.
../server/src/rooms/GameState.ts(5,6): error TS1240: Unable to resolve signature of property decorator when called as an expression.
  Argument of type 'undefined' is not assignable to parameter of type 'Object'.
../server/src/rooms/GameState.ts(6,6): error TS1240: Unable to resolve signature of property decorator when called as an expression.
  Argument of type 'undefined' is not assignable to parameter of type 'Object'.
../server/src/rooms/GameState.ts(7,6): error TS1240: Unable to resolve signature of property decorator when called as an expression.
  Argument of type 'undefined' is not assignable to parameter of type 'Object'.
../server/src/rooms/GameState.ts(8,6): error TS1240: Unable to resolve signature of property decorator when called as an expression.
  Argument of type 'undefined' is not assignable to parameter of type 'Object'.
../server/src/rooms/GameState.ts(9,6): error TS1240: Unable to resolve signature of property decorator when called as an expression.
  Argument of type 'undefined' is not assignable to parameter of type 'Object'.
../server/src/rooms/GameState.ts(10,6): error TS1240: Unable to resolve signature of property decorator when called as an expression.
  Argument of type 'undefined' is not assignable to parameter of type 'Object'.
../server/src/rooms/GameState.ts(13,6): error TS1240: Unable to resolve signature of property decorator when called as an expression.
  Argument of type 'undefined' is not assignable to parameter of type 'Object'.
../server/src/rooms/GameState.ts(14,6): error TS1240: Unable to resolve signature of property decorator when called as an expression.
  Argument of type 'undefined' is not assignable to parameter of type 'Object'.
../server/src/rooms/GameState.ts(15,6): error TS1240: Unable to resolve signature of property decorator when called as an expression.
  Argument of type 'undefined' is not assignable to parameter of type 'Object'.
../server/src/rooms/GameState.ts(16,6): error TS1240: Unable to resolve signature of property decorator when called as an expression.
  Argument of type 'undefined' is not assignable to parameter of type 'Object'.
../server/src/rooms/GameState.ts(17,6): error TS1240: Unable to resolve signature of property decorator when called as an expression.
  Argument of type 'undefined' is not assignable to parameter of type 'Object'.
../server/src/rooms/GameState.ts(21,6): error TS1240: Unable to resolve signature of property decorator when called as an expression.
  Argument of type 'undefined' is not assignable to parameter of type 'Object'.
../server/src/rooms/GameState.ts(22,6): error TS1240: Unable to resolve signature of property decorator when called as an expression.
  Argument of type 'undefined' is not assignable to parameter of type 'Object'.
../server/src/rooms/GameState.ts(23,6): error TS1240: Unable to resolve signature of property decorator when called as an expression.
  Argument of type 'undefined' is not assignable to parameter of type 'Object'.
../server/src/rooms/GameState.ts(24,6): error TS1240: Unable to resolve signature of property decorator when called as an expression.
  Argument of type 'undefined' is not assignable to parameter of type 'Object'.
../server/src/rooms/GameState.ts(25,6): error TS1240: Unable to resolve signature of property decorator when called as an expression.
  Argument of type 'undefined' is not assignable to parameter of type 'Object'.
../server/src/rooms/GameState.ts(26,6): error TS1240: Unable to resolve signature of property decorator when called as an expression.
  Argument of type 'undefined' is not assignable to parameter of type 'Object'.
../server/src/rooms/GameState.ts(30,6): error TS1240: Unable to resolve signature of property decorator when called as an expression.
  Argument of type 'undefined' is not assignable to parameter of type 'Object'.
../server/src/rooms/GameState.ts(31,6): error TS1240: Unable to resolve signature of property decorator when called as an expression.
  Argument of type 'undefined' is not assignable to parameter of type 'Object'.
../server/src/rooms/GameState.ts(32,6): error TS1240: Unable to resolve signature of property decorator when called as an expression.
  Argument of type 'undefined' is not assignable to parameter of type 'Object'.
../server/src/rooms/GameState.ts(33,6): error TS1240: Unable to resolve signature of property decorator when called as an expression.
  Argument of type 'undefined' is not assignable to parameter of type 'Object'.
../server/src/rooms/GameState.ts(37,6): error TS1240: Unable to resolve signature of property decorator when called as an expression.
  Argument of type 'undefined' is not assignable to parameter of type 'Object'.
../server/src/rooms/GameState.ts(38,6): error TS1240: Unable to resolve signature of property decorator when called as an expression.
  Argument of type 'undefined' is not assignable to parameter of type 'Object'.
../server/src/rooms/GameState.ts(39,6): error TS1240: Unable to resolve signature of property decorator when called as an expression.
  Argument of type 'undefined' is not assignable to parameter of type 'Object'.
../server/src/rooms/GameState.ts(40,6): error TS1240: Unable to resolve signature of property decorator when called as an expression.
  Argument of type 'undefined' is not assignable to parameter of type 'Object'.
../server/src/rooms/GameState.ts(41,6): error TS1240: Unable to resolve signature of property decorator when called as an expression.
  Argument of type 'undefined' is not assignable to parameter of type 'Object'.
../server/src/rooms/GameState.ts(42,6): error TS1240: Unable to resolve signature of property decorator when called as an expression.
  Argument of type 'undefined' is not assignable to parameter of type 'Object'.
../server/src/rooms/GameState.ts(43,6): error TS1240: Unable to resolve signature of property decorator when called as an expression.
  Argument of type 'undefined' is not assignable to parameter of type 'Object'.
../server/src/rooms/GameState.ts(44,6): error TS1240: Unable to resolve signature of property decorator when called as an expression.
  Argument of type 'undefined' is not assignable to parameter of type 'Object'.
../server/src/rooms/GameState.ts(45,6): error TS1240: Unable to resolve signature of property decorator when called as an expression.
  Argument of type 'undefined' is not assignable to parameter of type 'Object'.
../server/src/rooms/GameState.ts(46,6): error TS1240: Unable to resolve signature of property decorator when called as an expression.
  Argument of type 'undefined' is not assignable to parameter of type 'Object'.
../server/src/rooms/GameState.ts(47,6): error TS1240: Unable to resolve signature of property decorator when called as an expression.
  Argument of type 'undefined' is not assignable to parameter of type 'Object'.
../server/src/rooms/GameState.ts(48,6): error TS1240: Unable to resolve signature of property decorator when called as an expression.
  Argument of type 'undefined' is not assignable to parameter of type 'Object'.
../server/src/rooms/GameState.ts(49,6): error TS1240: Unable to resolve signature of property decorator when called as an expression.
  Argument of type 'undefined' is not assignable to parameter of type 'Object'.
../server/src/rooms/GameState.ts(50,6): error TS1240: Unable to resolve signature of property decorator when called as an expression.
  Argument of type 'undefined' is not assignable to parameter of type 'Object'.
../server/src/rooms/GameState.ts(51,6): error TS1240: Unable to resolve signature of property decorator when called as an expression.
  Argument of type 'undefined' is not assignable to parameter of type 'Object'.
../server/src/rooms/GameState.ts(52,6): error TS1240: Unable to resolve signature of property decorator when called as an expression.
  Argument of type 'undefined' is not assignable to parameter of type 'Object'.
../server/src/rooms/GameState.ts(53,6): error TS1240: Unable to resolve signature of property decorator when called as an expression.
  Argument of type 'undefined' is not assignable to parameter of type 'Object'.
../server/src/rooms/GameState.ts(54,6): error TS1240: Unable to resolve signature of property decorator when called as an expression.
  Argument of type 'undefined' is not assignable to parameter of type 'Object'.
../server/src/rooms/GameState.ts(58,6): error TS1240: Unable to resolve signature of property decorator when called as an expression.
  Argument of type 'undefined' is not assignable to parameter of type 'Object'.
../server/src/rooms/GameState.ts(59,6): error TS1240: Unable to resolve signature of property decorator when called as an expression.
  Argument of type 'undefined' is not assignable to parameter of type 'Object'.
../server/src/rooms/GameState.ts(60,6): error TS1240: Unable to resolve signature of property decorator when called as an expression.
  Argument of type 'undefined' is not assignable to parameter of type 'Object'.
../server/src/rooms/GameState.ts(64,6): error TS1240: Unable to resolve signature of property decorator when called as an expression.
  Argument of type 'undefined' is not assignable to parameter of type 'Object'.
../server/src/rooms/GameState.ts(65,6): error TS1240: Unable to resolve signature of property decorator when called as an expression.
  Argument of type 'undefined' is not assignable to parameter of type 'Object'.
../server/src/rooms/GameState.ts(66,6): error TS1240: Unable to resolve signature of property decorator when called as an expression.
  Argument of type 'undefined' is not assignable to parameter of type 'Object'.
../server/src/rooms/GameState.ts(67,6): error TS1240: Unable to resolve signature of property decorator when called as an expression.
  Argument of type 'undefined' is not assignable to parameter of type 'Object'.
../server/src/rooms/GameState.ts(72,6): error TS1240: Unable to resolve signature of property decorator when called as an expression.
  Argument of type 'undefined' is not assignable to parameter of type 'Object'.
../server/src/rooms/GameState.ts(73,6): error TS1240: Unable to resolve signature of property decorator when called as an expression.
  Argument of type 'undefined' is not assignable to parameter of type 'Object'.
../server/src/rooms/GameState.ts(74,6): error TS1240: Unable to resolve signature of property decorator when called as an expression.
  Argument of type 'undefined' is not assignable to parameter of type 'Object'.
../server/src/rooms/GameState.ts(75,6): error TS1240: Unable to resolve signature of property decorator when called as an expression.
  Argument of type 'undefined' is not assignable to parameter of type 'Object'.
../server/src/rooms/GameState.ts(76,6): error TS1240: Unable to resolve signature of property decorator when called as an expression.
  Argument of type 'undefined' is not assignable to parameter of type 'Object'.
../server/src/rooms/GameState.ts(77,6): error TS1240: Unable to resolve signature of property decorator when called as an expression.
  Argument of type 'undefined' is not assignable to parameter of type 'Object'.
../server/src/rooms/GameState.ts(78,6): error TS1240: Unable to resolve signature of property decorator when called as an expression.
  Argument of type 'undefined' is not assignable to parameter of type 'Object'.
../server/src/rooms/GameState.ts(79,6): error TS1240: Unable to resolve signature of property decorator when called as an expression.
  Argument of type 'undefined' is not assignable to parameter of type 'Object'.
../server/src/rooms/GameState.ts(80,6): error TS1240: Unable to resolve signature of property decorator when called as an expression.
  Argument of type 'undefined' is not assignable to parameter of type 'Object'.
